=== STATUS ===
chrishotza/rsna-exp-a2-dsr1 has status "KernelWorkerStatus.ERROR"

=== LOGS ===
[{"stream_name":"stderr","time":5.8956167950000005,"data":"0.00s - Debugger warning: It seems that frozen modules are being used, which may\n"}
,{"stream_name":"stderr","time":5.895656486,"data":"0.00s - make the debugger miss breakpoints. Please pass -Xfrozen_modules=off\n"}
,{"stream_name":"stderr","time":5.895661913,"data":"0.00s - to python to disable frozen modules.\n"}
,{"stream_name":"stderr","time":5.895665553,"data":"0.00s - Note: Debugging will proceed. Set PYDEVD_DISABLE_FILE_VALIDATION=1 to disable this validation.\n"}
,{"stream_name":"stderr","time":6.439499701,"data":"0.00s - Debugger warning: It seems that frozen modules are being used, which may\n"}
,{"stream_name":"stderr","time":6.439528611,"data":"0.00s - make the debugger miss breakpoints. Please pass -Xfrozen_modules=off\n"}
,{"stream_name":"stderr","time":6.439533353,"data":"0.00s - to python to disable frozen modules.\n"}
,{"stream_name":"stderr","time":6.439538936,"data":"0.00s - Note: Debugging will proceed. Set PYDEVD_DISABLE_FILE_VALIDATION=1 to disable this validation.\n"}
,{"stream_name":"stdout","time":15.167410967,"data":"cuda:0 probe PASS (compute 7.5)\n"}
,{"stream_name":"stderr","time":15.199235544,"data":"DEBUG: cuda_avail=True, count=2\n"}
,{"stream_name":"stderr","time":15.19926198,"data":"\n"}
,{"stream_name":"stderr","time":15.199266205,"data":"DEBUG: cuda_avail=True, count=2\n"}
,{"stream_name":"stdout","time":15.200051055,"data":"cuda:1 probe PASS (compute 7.5)\n"}
,{"stream_name":"stdout","time":15.200071621,"data":"devices: ['cuda:0', 'cuda:1']\n"}
,{"stream_name":"stdout","time":15.200076233,"data":"[startup] imports+GPU preflight: 7.59s\n"}
,{"stream_name":"stdout","time":15.24166166,"data":"[    0.0s] input root: /kaggle/input/competitions/rsna-knee-abnormality-detection\n"}
,{"stream_name":"stdout","time":15.24238711,"data":"[startup] competition-root preflight: 0.04s\n"}
,{"stream_name":"stdout","time":15.591069833,"data":"[    0.4s] memory: 29.5 GB available, 13.3 GB to the cache; sizing for 4407 train + 1322 test studies -\u003e 1 group(s) of 3 = 3 slices per slot\n"}
,{"stream_name":"stdout","time":15.592081063,"data":"[    0.4s] cache layout: 1 groups x 3 slices = 3 per slot\n"}
,{"stream_name":"stdout","time":16.537367783,"data":"[phase] {\"a5_without_matching_acquisition\": 0, \"elapsed_seconds\": 1.3360393047332764, \"gpus\": [{\"allocated_bytes\": 0, \"id\": 0, \"reserved_bytes\": 0}, {\"allocated_bytes\": 0, \"id\": 1, \"reserved_bytes\": 0}], \"max_rss_kib\": 1037640, \"memory.current\": \"1409589248\", \"memory.max\": \"32212254720\", \"missing_fluid_flags\": 0, \"stage\": \"input_metadata\", \"status\": \"COMPLETE\"}\n"}
,{"stream_name":"stdout","time":16.86151928,"data":"[phase] {\"elapsed_seconds\": 1.6598024368286133, \"gpus\": [{\"allocated_bytes\": 0, \"id\": 0, \"reserved_bytes\": 0}, {\"allocated_bytes\": 0, \"id\": 1, \"reserved_bytes\": 0}], \"max_rss_kib\": 1037640, \"memory.current\": \"1415012352\", \"memory.max\": \"32212254720\", \"stage\": \"dinov2\", \"status\": \"START\"}\n"}
,{"stream_name":"stdout","time":16.877595779,"data":"[    1.7s] weights package: 20 member(s) from /kaggle/input/datasets/pilkwang/rsna-knee-weights; 2 device(s)\n"}
,{"stream_name":"stdout","time":16.977998367,"data":"[    1.8s] test header pass: 15 series\n"}
,{"stream_name":"stdout","time":16.978819384,"data":"[    1.8s] decode group 1/1: 336px x 12 slices, crop 130.0 mm -\u003e 20 member(s)\n"}
,{"stream_name":"stdout","time":17.003490989,"data":"[    1.8s] test laterality: 1 from the tag, 2 from geometry, 0 unresolved; tag and geometry disagree on 0 (0.0% of the tagged)\n"}
,{"stream_name":"stdout","time":17.00417527,"data":"[    1.8s] test g1: 3 studies, 12 slot-series, 0.02 GiB pixels\n"}
,{"stream_name":"stdout","time":19.704071984,"data":"[    4.5s] test g1: COMPLETE 12/12; reused ordering for 0 series\n"}
,{"stream_name":"stdout","time":38.465568435,"data":"[   23.3s] backbone: 12 blocks, last 6 trainable (10.7M params), feature dim 768\n"}
,{"stream_name":"stdout","time":39.812773791,"data":"[   24.6s] e5427d6c21: fingerprint matches within 2.8e-06\n"}
,{"stream_name":"stdout","time":41.312664138,"data":"[   26.1s] d47313baef: fingerprint matches within 2.1e-06\n"}
,{"stream_name":"stdout","time":42.672280817,"data":"[   27.5s] ea3fbf6edf: fingerprint matches within 3.8e-06\n"}
,{"stream_name":"stdout","time":44.073803343,"data":"[   28.9s] 5f8ba4c5ea: fingerprint matches within 3.3e-06\n"}
,{"stream_name":"stdout","time":45.38034355,"data":"[   30.2s] 013dc75703: fingerprint matches within 3.3e-06\n"}
,{"stream_name":"stdout","time":46.658784792,"data":"[   31.5s] 2f7e785e82: fingerprint matches within 1.1e-06\n"}
,{"stream_name":"stdout","time":48.099971246,"data":"[   32.9s] 8baecb9d1b: fingerprint matches within 2.4e-06\n"}
,{"stream_name":"stdout","time":49.310376992,"data":"[   34.1s] 44bc3c6f14: fingerprint matches within 3.8e-06\n"}
,{"stream_name":"stdout","time":50.528632706,"data":"[   35.3s] 44128e3ff3: fingerprint matches within 4.3e-06\n"}
,{"stream_name":"stdout","time":51.759758593,"data":"[   36.6s] 84079fe8cb: fingerprint matches within 1.2e-06\n"}
,{"stream_name":"stdout","time":53.085319436,"data":"[   37.9s] ed427aa10a: fingerprint matches within 4.6e-06\n"}
,{"stream_name":"stdout","time":54.278069441,"data":"[   39.1s] 2dce50ebd9: fingerprint matches within 3.8e-06\n"}
,{"stream_name":"stdout","time":55.429249964,"data":"[   40.2s] 3d1f4c48fc: fingerprint matches within 1.3e-06\n"}
,{"stream_name":"stdout","time":56.694581975,"data":"[   41.5s] 91f171fe6f: fingerprint matches within 2.6e-06\n"}
,{"stream_name":"stdout","time":57.958962356,"data":"[   42.8s] 8476b29285: fingerprint matches within 4.4e-06\n"}
,{"stream_name":"stdout","time":59.139195322,"data":"[   43.9s] 72081758ce: fingerprint matches within 2.9e-06\n"}
,{"stream_name":"stdout","time":60.283191968,"data":"[   45.1s] 7f8321affc: fingerprint matches within 2.9e-06\n"}
,{"stream_name":"stdout","time":61.577741174,"data":"[   46.4s] 1e553ba481: fingerprint matches within 1.7e-06\n"}
,{"stream_name":"stdout","time":62.825403067,"data":"[   47.6s] b7c37cc80e: fingerprint matches within 1.1e-06\n"}
,{"stream_name":"stdout","time":64.070024447,"data":"[   48.9s] f335c812fe: fingerprint matches within 2.9e-06\n"}
,{"stream_name":"stdout","time":68.189582199,"data":"[   53.0s] shared first 6 DINOv2 blocks for 20 members; original views computed once per 2 device(s)\n"}
,{"stream_name":"stdout","time":68.192657434,"data":"[   53.0s]   banked e5427d6c21 fold 2 (10 window(s); 1 member(s)\n"}
,{"stream_name":"stdout","time":68.194281448,"data":"[   53.0s]   banked d47313baef fold 2 (10 window(s); 2 member(s)\n"}
,{"stream_name":"stdout","time":68.195885202,"data":"[   53.0s]   banked ea3fbf6edf fold 2 (10 window(s); 3 member(s)\n"}
,{"stream_name":"stdout","time":68.197631943,"data":"[   53.0s]   banked 5f8ba4c5ea fold 2 (10 window(s); 4 member(s)\n"}
,{"stream_name":"stdout","time":68.199475132,"data":"[   53.0s]   banked 013dc75703 fold 4 (10 window(s); 5 member(s)\n"}
,{"stream_name":"stdout","time":68.201348716,"data":"[   53.0s]   banked 2f7e785e82 fold 4 (10 window(s); 6 member(s)\n"}
,{"stream_name":"stdout","time":68.20297578,"data":"[   53.0s]   banked 8baecb9d1b fold 4 (10 window(s); 7 member(s)\n"}
,{"stream_name":"stdout","time":68.204895274,"data":"[   53.0s]   banked 44bc3c6f14 fold 0 (10 window(s); 8 member(s)\n"}
,{"stream_name":"stdout","time":68.20652425,"data":"[   53.0s]   banked 44128e3ff3 fold 0 (10 window(s); 9 member(s)\n"}
,{"stream_name":"stdout","time":68.208098948,"data":"[   53.0s]   banked 84079fe8cb fold 3 (10 window(s); 10 member(s)\n"}
,{"stream_name":"stdout","time":68.209809869,"data":"[   53.0s]   banked ed427aa10a fold 0 (10 window(s); 11 member(s)\n"}
,{"stream_name":"stdout","time":68.211527517,"data":"[   53.0s]   banked 2dce50ebd9 fold 0 (10 window(s); 12 member(s)\n"}
,{"stream_name":"stdout","time":68.212859685,"data":"[   53.0s]   banked 3d1f4c48fc fold 4 (10 window(s); 13 member(s)\n"}
,{"stream_name":"stdout","time":68.214617366,"data":"[   53.0s]   banked 91f171fe6f fold 1 (10 window(s); 14 member(s)\n"}
,{"stream_name":"stdout","time":68.216205074,"data":"[   53.0s]   banked 8476b29285 fold 1 (10 window(s); 15 member(s)\n"}
,{"stream_name":"stdout","time":68.217953504,"data":"[   53.0s]   banked 72081758ce fold 3 (10 window(s); 16 member(s)\n"}
,{"stream_name":"stdout","time":68.220027739,"data":"[   53.0s]   banked 7f8321affc fold 3 (10 window(s); 17 member(s)\n"}
,{"stream_name":"stdout","time":68.221927588,"data":"[   53.0s]   banked 1e553ba481 fold 1 (10 window(s); 18 member(s)\n"}
,{"stream_name":"stdout","time":68.223653391,"data":"[   53.0s]   banked b7c37cc80e fold 3 (10 window(s); 19 member(s)\n"}
,{"stream_name":"stdout","time":68.438329033,"data":"[   53.0s]   banked f335c812fe fold 1 (10 window(s); 20 member(s)\n"}
,{"stream_name":"stdout","time":68.442871716,"data":"[   53.2s] DINOv2 fail-closed gate PASS: 20/20 fingerprints and members\n"}
,{"stream_name":"stdout","time":68.461461731,"data":"[   53.3s] submission.csv = exact no-jitter public-frontier rank mean of 20 member(s); (3, 13)\n"}
,{"stream_name":"stdout","time":68.467071666,"data":"[   53.3s] done\n"}
,{"stream_name":"stdout","time":68.690566817,"data":"[phase] {\"elapsed_seconds\": 53.489012479782104, \"gpus\": [{\"allocated_bytes\": 9568256, \"id\": 0, \"reserved_bytes\": 23068672}, {\"allocated_bytes\": 9568256, \"id\": 1, \"reserved_bytes\": 195035136}], \"max_rss_kib\": 2875908, \"memory.current\": \"5908975616\", \"memory.max\": \"32212254720\", \"stage\": \"dinov2\", \"status\": \"COMPLETE\"}\n"}
,{"stream_name":"stdout","time":68.721052922,"data":"[phase] {\"elapsed_seconds\": 53.51956224441528, \"gpus\": [{\"allocated_bytes\": 9568256, \"id\": 0, \"reserved_bytes\": 23068672}, {\"allocated_bytes\": 9568256, \"id\": 1, \"reserved_bytes\": 195035136}], \"max_rss_kib\": 2875908, \"memory.current\": \"5909188608\", \"memory.max\": \"32212254720\", \"stage\": \"a5\", \"status\": \"START\"}\n"}
,{"stream_name":"stdout","time":71.317320582,"data":"series root: /kaggle/input/competitions/rsna-knee-abnormality-detection/test_series\n"}
,{"stream_name":"stdout","time":71.317351704,"data":"3 test studies, 3 with series metadata\n"}
,{"stream_name":"stdout","time":73.32834893,"data":"A5 strict-loaded m_f0.pt; all encoder and head tensors present\n"}
,{"stream_name":"stdout","time":74.585142006,"data":"A5 strict-loaded m_f1.pt; all encoder and head tensors present\n"}
,{"stream_name":"stdout","time":75.717199879,"data":"A5 strict-loaded m_f2.pt; all encoder and head tensors present\n"}
,{"stream_name":"stdout","time":76.849568668,"data":"A5 strict-loaded m_f3.pt; all encoder and head tensors present\n"}
,{"stream_name":"stdout","time":77.693556377,"data":"A5 strict-loaded m_f4.pt; all encoder and head tensors present\n"}
,{"stream_name":"stdout","time":78.605317142,"data":"device cuda | amp bfloat16 (on=True) | workers 4 | chunk 48 | micro 8\n"}
,{"stream_name":"stdout","time":81.707627822,"data":"  3/3  0.1m  eta 0.0m\n"}
,{"stream_name":"stdout","time":81.998180056,"data":"\n"}
,{"stream_name":"stdout","time":81.998211755,"data":"inference done in 0.1 min\n"}
,{"stream_name":"stdout","time":82.058351011,"data":"[phase] {\"absent\": 0, \"applicable\": 3, \"elapsed_seconds\": 66.85688042640686, \"gpus\": [{\"allocated_bytes\": 9568256, \"id\": 0, \"reserved_bytes\": 23068672}, {\"allocated_bytes\": 9568256, \"id\": 1, \"reserved_bytes\": 23068672}], \"max_rss_kib\": 3506208, \"memory.current\": \"6898855936\", \"memory.max\": \"32212254720\", \"stage\": \"a5\", \"status\": \"COMPLETE\"}\n"}
,{"stream_name":"stdout","time":82.179667725,"data":"[phase] {\"elapsed_seconds\": 66.97788286209106, \"gpus\": [{\"allocated_bytes\": 9568256, \"id\": 0, \"reserved_bytes\": 23068672}, {\"allocated_bytes\": 9568256, \"id\": 1, \"reserved_bytes\": 23068672}], \"max_rss_kib\": 3506208, \"memory.current\": \"6898733056\", \"memory.max\": \"32212254720\", \"stage\": \"radimagenet\", \"status\": \"START\"}\n"}
,{"stream_name":"stdout","time":84.753419667,"data":"[   69.6s] rad commonlaterality: 1 from the tag, 2 from geometry, 0 unresolved; tag and geometry disagree on 0 (0.0% of the tagged)\n"}
,{"stream_name":"stdout","time":86.326869032,"data":"[   71.1s] rad_e10: 3 studies, 8 slot-series, 0.00 GiB pixels\n"}
,{"stream_name":"stdout","time":87.449295324,"data":"[   72.2s] rad_e10: COMPLETE 8/8; reused ordering for 0 series\n"}
,{"stream_name":"stdout","time":87.466278053,"data":"[   72.3s] rad_e13: 3 studies, 11 slot-series, 0.00 GiB pixels\n"}
,{"stream_name":"stdout","time":88.110206704,"data":"[   72.9s] rad_e13: COMPLETE 11/11; reused ordering for 8 series\n"}
,{"stream_name":"stdout","time":88.127984053,"data":"[   72.9s] rad_legacy_second: 3 studies, 7 slot-series, 0.00 GiB pixels\n"}
,{"stream_name":"stdout","time":88.596966326,"data":"[   73.4s] rad_legacy_second: COMPLETE 7/7; reused ordering for 5 series\n"}
,{"stream_name":"stdout","time":89.055461395,"data":"[Rad-dual5] BTKD reference Rad/calibrator complete; unused alternate-head branch removed\n"}
,{"stream_name":"stdout","time":89.05701081,"data":"[phase] {\"elapsed_seconds\": 73.8554847240448, \"gpus\": [{\"allocated_bytes\": 9568256, \"id\": 0, \"reserved_bytes\": 23068672}, {\"allocated_bytes\": 9568256, \"id\": 1, \"reserved_bytes\": 23068672}], \"max_rss_kib\": 3535332, \"memory.current\": \"7644516352\", \"memory.max\": \"32212254720\", \"stage\": \"radimagenet\", \"status\": \"COMPLETE\"}\n"}
,{"stream_name":"stdout","time":89.180077585,"data":"[phase] {\"elapsed_seconds\": 73.97905778884888, \"gpus\": [{\"allocated_bytes\": 9568256, \"id\": 0, \"reserved_bytes\": 23068672}, {\"allocated_bytes\": 9568256, \"id\": 1, \"reserved_bytes\": 23068672}], \"max_rss_kib\": 3535332, \"memory.current\": \"7644688384\", \"memory.max\": \"32212254720\", \"stage\": \"public_raptor\", \"status\": \"START\"}\n"}
,{"stream_name":"stdout","time":89.194136264,"data":"[raptor-fast] 3 studies; balanced arm groups cuda:0=[0,2], cuda:1=[1,3]\n"}
,{"stream_name":"stdout","time":118.764804127,"data":"[raptor-fast] wrote /kaggle/working/_raptor.csv; elapsed 29.6s\n"}
,{"stream_name":"stdout","time":118.766048321,"data":"[phase] {\"elapsed_seconds\": 103.56452369689941, \"gpus\": [{\"allocated_bytes\": 19136512, \"id\": 0, \"reserved_bytes\": 62914560}, {\"allocated_bytes\": 9568256, \"id\": 1, \"reserved_bytes\": 23068672}], \"max_rss_kib\": 6417824, \"memory.current\": \"9948852224\", \"memory.max\": \"32212254720\", \"stage\": \"public_raptor\", \"status\": \"COMPLETE\"}\n"}
,{"stream_name":"stdout","time":121.039950396,"data":"[phase] {\"elapsed_seconds\": 105.83027410507202, \"gpus\": [{\"allocated_bytes\": 19136512, \"id\": 0, \"reserved_bytes\": 62914560}, {\"allocated_bytes\": 9568256, \"id\": 1, \"reserved_bytes\": 23068672}], \"max_rss_kib\": 6417824, \"memory.current\": \"10049568768\", \"memory.max\": \"32212254720\", \"stage\": \"residual_coat\", \"status\": \"START\"}\n"}
,{"stream_name":"stdout","time":161.249144117,"data":"[phase] {\"elapsed_seconds\": 146.03856372833252, \"gpus\": [{\"allocated_bytes\": 19136512, \"id\": 0, \"reserved_bytes\": 62914560}, {\"allocated_bytes\": 9568256, \"id\": 1, \"reserved_bytes\": 23068672}], \"max_rss_kib\": 6417824, \"memory.current\": \"11353681920\", \"memory.max\": \"32212254720\", \"ok\": true, \"stage\": \"residual_coat\", \"status\": \"COMPLETE\"}\n"}
,{"stream_name":"stdout","time":161.249930381,"data":"[phase] {\"elapsed_seconds\": 146.04407382011414, \"gpus\": [{\"allocated_bytes\": 19136512, \"id\": 0, \"reserved_bytes\": 62914560}, {\"allocated_bytes\": 9568256, \"id\": 1, \"reserved_bytes\": 23068672}], \"max_rss_kib\": 6417824, \"memory.current\": \"11353677824\", \"memory.max\": \"32212254720\", \"stage\": \"d4\", \"status\": \"START\"}\n"}
,{"stream_name":"stdout","time":193.637212649,"data":"[phase] {\"elapsed_seconds\": 178.427250623703, \"gpus\": [{\"allocated_bytes\": 19136512, \"id\": 0, \"reserved_bytes\": 62914560}, {\"allocated_bytes\": 9568256, \"id\": 1, \"reserved_bytes\": 23068672}], \"max_rss_kib\": 6417824, \"memory.current\": \"11685724160\", \"memory.max\": \"32212254720\", \"ok\": true, \"stage\": \"d4\", \"status\": \"COMPLETE\"}\n"}
,{"stream_name":"stdout","time":193.657629552,"data":"[coat-arm] residual top3 / D4 SWA3 equal rank family; BTKD32 no-inner-rerank; 3 studies\n"}
,{"stream_name":"stdout","time":193.711735816,"data":"[A0_RECOVERY] Arm checkpoints unavailable; leaving _pipeline_stage.csv unchanged.\n"}
,{"stream_name":"stdout","time":193.746749032,"data":"[phase] {\"elapsed_seconds\": 178.54547262191772, \"error\": \"name '_coatnet_weight' is not defined\", \"error_type\": \"NameError\", \"gpus\": [{\"allocated_bytes\": 19136512, \"id\": 0, \"reserved_bytes\": 62914560}, {\"allocated_bytes\": 9568256, \"id\": 1, \"reserved_bytes\": 23068672}], \"max_rss_kib\": 6417824, \"memory.current\": \"11686260736\", \"memory.max\": \"32212254720\", \"stage\": \"d4\", \"status\": \"FAILED\"}\n"}
,{"stream_name":"stderr","time":196.126743317,"data":"Traceback (most recent call last):\n"}
,{"stream_name":"stderr","time":196.127337403,"data":"  File \"\u003cstring\u003e\", line 1, in \u003cmodule\u003e\n"}
,{"stream_name":"stderr","time":196.127355864,"data":"    import sys;import papermill as pm;pm.execute_notebook(\"__notebook__.ipynb\",\"__notebook__.ipynb\",progress_bar=False,log_output=True,stdout_file=sys.stdout,stderr_file=sys.stderr,allow_errors=False,timeout=43200)\n"}
,{"stream_name":"stderr","time":196.127360721,"data":"                                      ~~~~~~~~~~~~~~~~~~~^^^^^^^^^^^^^^^^^^^^^^^^^^^^^^^^^^^^^^^^^^^^^^^^^^^^^^^^^^^^^^^^^^^^^^^^^^^^^^^^^^^^^^^^^^^^^^^^^^^^^^^^^^^^^^^^^^^^^^^^^^^^^^^^^^^^^^^^^^^^^^^^^^^^^^^^^^^^^\n"}
,{"stream_name":"stderr","time":196.127364177,"data":"  File \"/usr/local/lib/python3.13/dist-packages/papermill/execute.py\", line 131, in execute_notebook\n"}
,{"stream_name":"stderr","time":196.127367423,"data":"    raise_for_execution_errors(nb, output_path)\n"}
,{"stream_name":"stderr","time":196.127370453,"data":"    ~~~~~~~~~~~~~~~~~~~~~~~~~~^^^^^^^^^^^^^^^^^\n"}
,{"stream_name":"stderr","time":196.127373369,"data":"  File \"/usr/local/lib/python3.13/dist-packages/papermill/execute.py\", line 251, in raise_for_execution_errors\n"}
,{"stream_name":"stderr","time":196.127376395,"data":"    raise error\n"}
,{"stream_name":"stderr","time":196.127387379,"data":"papermill.exceptions.PapermillExecutionError: \n"}
,{"stream_name":"stderr","time":196.127390696,"data":"---------------------------------------------------------------------------\n"}
,{"stream_name":"stderr","time":196.127393693,"data":"Exception encountered at \"In [24]\":\n"}
,{"stream_name":"stderr","time":196.127396578,"data":"---------------------------------------------------------------------------\n"}
,{"stream_name":"stderr","time":196.127425629,"data":"NameError                                 Traceback (most recent call last)\n"}
,{"stream_name":"stderr","time":196.127430665,"data":"/tmp/ipykernel_23/3450515662.py in \u003ccell line: 0\u003e()\n"}
,{"stream_name":"stderr","time":196.127435168,"data":"      9     rsna_event('raptor_preparation_identities_incomplete', missing=len(_expected_preparations - _ke_input_ids), extra=len(_ke_input_ids - _expected_preparations))\n"}
,{"stream_name":"stderr","time":196.127439981,"data":"     10 rsna_save_predictions('final',_RSNA_TEST_IDS,_release_df[_RSNA_LABELS].to_numpy(),_RSNA_LABELS)\n"}
,{"stream_name":"stderr","time":196.127443794,"data":"---\u003e 11 _RSNA_AUDIT.update(status='COMPLETE',dino_members=20,a5_folds=5,raptor_views=4,coats={'resgated_epochs':[4,6,8],'d4_parent_swa_epochs':[15,16],'d4_adapter_swa_epochs':[11,9,5]},family_mix=[.5,.5],inner_public_coat_mix=[.6,.4],inner_rerank=False,outer_weights=_coatnet_weight,bt_input_sha256='eb9c51cf04ddbd4e923f1a5c278e7b019036db9e67ecc20bea6661bd536bb303',v555_input_sha256='22d71a1311ef8282e26a0ca498bed57100da5152352deae7cbdaeca4ab8539c9',elapsed_seconds=time.time()-T0,score_recovery_claimed=False)\n"}
,{"stream_name":"stderr","time":196.127450528,"data":"     12 for cache_file in list(_RSNA_CACHE_FILES):Path(cache_file).unlink(missing_ok=True)\n"}
,{"stream_name":"stderr","time":196.127454144,"data":"     13 _final=Path('/kaggle/working/submission.csv');_tmp=_final.with_suffix('.csv.tmp')\n"}
,{"stream_name":"stderr","time":196.127457664,"data":"\n"}
,{"stream_name":"stderr","time":196.127460837,"data":"NameError: name '_coatnet_weight' is not defined\n"}
,{"stream_name":"stderr","time":196.127464302,"data":"\n"}
,{"stream_name":"stderr","time":198.098798323,"data":"/usr/local/lib/python3.13/dist-packages/mistune.py:435: SyntaxWarning: invalid escape sequence '\\|'\n"}
,{"stream_name":"stderr","time":198.098824303,"data":"  cells[i][c] = re.sub('\\\\\\\\\\|', '|', cell)\n"}
,{"stream_name":"stderr","time":198.245759768,"data":"/usr/local/lib/python3.13/dist-packages/nbconvert/filters/filter_links.py:36: SyntaxWarning: invalid escape sequence '\\_'\n"}
,{"stream_name":"stderr","time":198.245783705,"data":"  text = re.sub(r'_', '\\_', text) # Escape underscores in display text\n"}
,{"stream_name":"stderr","time":199.039223355,"data":"[NbConvertApp] Converting notebook __notebook__.ipynb to notebook\n"}
,{"stream_name":"stderr","time":199.148204569,"data":"[NbConvertApp] Writing 308540 bytes to __notebook__.ipynb\n"}
,{"stream_name":"stderr","time":201.539574233,"data":"[NbConvertApp] Converting notebook __notebook__.ipynb to html\n"}
,{"stream_name":"stderr","time":203.083644975,"data":"[NbConvertApp] Writing 1456116 bytes to __results__.html\n"}
]
